[2026-10-08T19:13:36Z INFO  hopp_core] Starting RenderEventLoop
[2026-10-08T19:13:36Z INFO  hopp_core] Creating socket at path: /var/folders/zs/36s8rrj550l3slxn22j3xy9w0000gn/T/hopp-profile-27704.sock
[2026-10-08T19:13:37Z INFO  hopp_core::audio::device_monitor::macos] Device monitor started (input)
[2026-10-08T19:13:37Z INFO  hopp_core] Application::resumed: initializing WindowManager
[2026-10-08T19:13:37Z INFO  hopp_core::window_manager] WindowManager::new: creating windows for available monitors
[2026-10-08T19:13:37Z INFO  hopp_core::graphics::graphics_context] GraphicsContext::new
[2026-10-08T19:13:37Z INFO  hopp_core::graphics::graphics_context] GraphicsContext::new: window size: PhysicalSize { width: 1, height: 1 }, scale: 1
[2026-10-08T19:13:37Z WARN  hopp_core] window_event: remote control is none redraw requested
[2026-10-08T19:13:37Z INFO  hopp_core] user_event: CallStart call_id=1791486816758
[2026-10-08T19:13:37Z INFO  hopp_core::audio::player] Player::start
[2026-10-08T19:13:37Z INFO  hopp_core::audio::mixer] cpal output: 44100Hz 2ch
[2026-10-08T19:13:37Z INFO  hopp_core::audio::device_monitor::macos] Device monitor started (output)
[2026-10-08T19:13:37Z INFO  hopp_core::audio::capturer] Hardware doesn't support 16kHz mono, will resample
[2026-10-08T19:13:37Z INFO  hopp_core::audio::capturer] Audio conversion: 44100Hz 1ch → 16000Hz 1ch
[2026-10-08T19:13:37Z INFO  hopp_core::room_service] create_room
[2026-10-08T19:13:37Z INFO  hopp_core::audio::capturer] Microphone capture thread priority set to maximum
[2026-10-08T19:13:37Z INFO  hopp_core::room_service] create_room: command dispatched (non-blocking)
[2026-10-08T19:13:37Z INFO  hopp_core::room_service] room_service_commands: CreateRoom call_id=1791486816758
[2026-10-08T19:13:37Z INFO  hopp_core::room_service] room_service_commands: Cleared previous room state
[2026-10-08T19:13:37Z INFO  hopp_core::room_service] room_service_commands: Connecting to room and video room in parallel (url=ws://localhost:7880, signal_timeout=20s, setup_timeout=90s)
[2026-10-08T19:13:37Z INFO  hopp_core::room_service] room_service_commands: video Room::connect (signal + ICE) took 24ms
[2026-10-08T19:13:37Z INFO  hopp_core::room_service] room_service_commands: Room::connect (signal + ICE) took 33ms
[2026-10-08T19:13:37Z INFO  hopp_core::room_service] DTLN denoiser initialized (tract) in 30ms
[2026-10-08T19:13:37Z INFO  hopp_core::room_service] room_service_commands: Screen share track published in 31ms
[2026-10-08T19:13:37Z INFO  hopp_core::livekit::audio] audio_publish: took 5
[2026-10-08T19:13:37Z INFO  hopp_core::livekit::audio] AudioPublisher: audio track published (16000Hz)
[2026-10-08T19:13:37Z INFO  hopp_core::livekit::audio] Starting audio processing (16000Hz, 160 samples per 10ms, max buffer 200ms)
[2026-10-08T19:13:37Z INFO  hopp_core::room_service] room_service_commands: Camera track published in 15ms
[2026-10-08T19:13:37Z INFO  hopp_core::room_service] room_service_commands: Regular room connected in 84ms
[2026-10-08T19:13:37Z INFO  hopp_core::room_service] room_service_commands: Connected to room
[2026-10-08T19:13:37Z INFO  hopp_core::room_service] room_service_commands: Spawned stats task
[2026-10-08T19:13:37Z INFO  hopp_core::room_service] room_service_commands: Got user identity and name
[2026-10-08T19:13:37Z INFO  hopp_core::room_service] room_service_commands: Inserted local participant into participants map
[2026-10-08T19:13:37Z INFO  hopp_core::room_service] populate_participants_from_room: participant added: room:dev_room:profile-viewer:audio
[2026-10-08T19:13:37Z INFO  hopp_core::room_service] room_service_commands: Video room connected in 85ms (total 85ms)
[2026-10-08T19:13:37Z INFO  hopp_core::room_service] room_service_commands: Finished room setup in 85ms
[2026-10-08T19:13:37Z INFO  hopp_core::room_service] camera quality: active=0, low_bandwidth=false, quality=High, updated_publications=0
[2026-10-08T19:13:37Z INFO  hopp_core] user_event: CreateRoomResult: Ok([{ identity: "local", connected: true, muted: false, has_camera: false, is_screensharing: false }, { identity: "room:dev_room:profile-viewer:audio", connected: true, muted: false, has_camera: false, is_screensharing: false }])
[2026-10-08T19:13:37Z INFO  hopp_core::room_service] set_local_low_bandwidth: false
[2026-10-08T19:13:37Z INFO  hopp_core::room_service] room_service_commands: Spawned handle_room_events
[2026-10-08T19:13:37Z INFO  hopp_core::room_service] room_service_commands: Spawned video_room event drainer
[2026-10-08T19:13:37Z INFO  hopp_core::room_service] send_bandwidth_mode_state: BandwidthModeState { active: false, local_requested: false, requested_by: [] }
[2026-10-08T19:13:37Z INFO  hopp_core::room_service] handle_room_events: Track published: microphone (Microphone) from room:dev_room:profile-viewer:audio
[2026-10-08T19:13:38Z INFO  hopp_core::room_service] handle_room_events: Track subscribed from room:dev_room:profile-viewer:audio: microphone (Audio) Audio(RemoteAudioTrack { sid: TrackSid("TR_AMbKDJ7D3MH8fi"), name: "microphone", source: Microphone }) RemoteTrackPublication { is_subscribed: true, is_allowed: true }
[2026-10-08T19:13:38Z INFO  hopp_core::room_service] handle_room_events: Setting up audio stream for participant: room:dev_room:profile-viewer:audio
[2026-10-08T19:13:38Z INFO  hopp_core::livekit::audio] Starting audio receive loop for room:dev_room:profile-viewer:audio
[2026-10-08T19:13:38Z INFO  hopp_core::room_service] handle_room_events: Track published: camera (Camera) from room:dev_room:profile-viewer:audio
[2026-10-08T19:13:38Z INFO  hopp_core::room_service] camera quality: active=1, low_bandwidth=false, quality=High, updated_publications=1
[2026-10-08T19:13:38Z INFO  hopp_core::room_service] handle_room_events: Track subscribed from room:dev_room:profile-viewer:audio: camera (Video) Video(RemoteVideoTrack { sid: TrackSid("TR_VC5GPquGXWm8JY"), name: "camera", source: Camera }) RemoteTrackPublication { is_subscribed: true, is_allowed: true }
[2026-10-08T19:13:38Z INFO  hopp_core::room_service] camera quality: active=1, low_bandwidth=false, quality=High, updated_publications=1
[2026-10-08T19:13:38Z INFO  hopp_core::room_service] handle_room_events: Camera track subscribed and already unmuted for room:dev_room:profile-viewer:audio
[2026-10-08T19:13:38Z INFO  hopp_core::livekit::video] process_video_stream: Starting camera stream processing for participant: room:dev_room:profile-viewer:audio
[2026-10-08T19:13:38Z INFO  hopp_core] user_event: OpenCamera
[2026-10-08T19:13:38Z INFO  hopp_core::window::camera_window] CameraWindow::new
[2026-10-08T19:13:38Z INFO  hopp_core::window::vibrancy] apply_macos_vibrancy: CAMetalLayer.isOpaque set to false
2026-10-08 16:13:38.169 hopp_core-aarch64-apple-darwin[32276:2516321] NSWindow warning: adding an unknown subview: <NSVisualEffectView: 0x140f799e0>. Break on NSLog to debug.
2026-10-08 16:13:38.174 hopp_core-aarch64-apple-darwin[32276:2516321] Call stack:
(
	0   AppKit                              0x000000019149ba70 -[NSThemeFrame addSubview:] + 116
	1   AppKit                              0x000000019149b5d0 -[NSView addSubview:positioned:relativeTo:] + 360
	2   AppKit                              0x000000019149b3e4 -[NSThemeFrame addSubview:positioned:relativeTo:] + 52
	3   hopp_core-aarch64-apple-darwin      0x000000010054d214 _RNvNtNtCs5ekGpolm0QZ_9hopp_core6window8vibrancy20apply_macos_vibrancy + 1160
	4   hopp_core-aarch64-apple-darwin      0x000000010053c534 _RNvMs_Cs5ekGpolm0QZ_9hopp_coreNtB4_11Application18open_camera_window + 2400
	5   hopp_core-aarch64-apple-darwin      0x0000000100519ff8 _RNCINvNtNtNtCsfionjdHsq7x_5winit13platform_impl5macos10event_loop14map_user_eventNtCs5ekGpolm0QZ_9hopp_core9UserEventNCINvMs4_NtBa_10event_loopINtB20_9EventLoopB1h_E7run_appNtB1j_11ApplicationE0E0B1j_ + 2872
	6   hopp_core-aarch64-apple-darwin      0x0000000101642a0c _RNvMNtNtNtCsfionjdHsq7x_5winit13platform_impl5macos9app_stateNtB2_19ApplicationDelegate12handle_event + 140
	7   hopp_core-aarch64-apple-darwin      0x00000001016595c0 _RNvNtNtNtCsfionjdHsq7x_5winit13platform_impl5macos8observer24control_flow_end_handler + 320
	8   CoreFoundation                      0x000000018d559c98 __CFRUNLOOP_IS_CALLING_OUT_TO_AN_OBSERVER_CALLBACK_FUNCTION__ + 36
	9   CoreFoundation                      0x000000018d559b80 __CFRunLoopDoObservers + 536
	10  CoreFoundation                      0x000000018d559290 __CFRunLoopRun + 944
	11  CoreFoundation                      0x000000018d558858 CFRunLoopRunSpecific + 572
	12  HIToolbox                           0x000000019900027c RunCurrentEventLoopInMode + 324
	13  HIToolbox                           0x00000001990034e8 ReceiveNextEventCommon + 676
	14  HIToolbox                           0x000000019918e484 _BlockUntilNextEventMatchingListInModeWithFilter + 76
	15  AppKit                              0x000000019147aa34 _DPSNextEvent + 684
	16  AppKit                              0x0000000191e195cc -[NSApplication(NSEventRouting) _nextEventMatchingEventMask:untilDate:inMode:dequeue:] + 688
	17  AppKit                              0x000000019146dbe4 -[NSApplication run] + 480
	18  hopp_core-aarch64-apple-darwin      0x00000001005106f0 _RNvMs3_Cs5ekGpolm0QZ_9hopp_coreNtB5_15RenderEventLoop3run + 10412
	19  hopp_core-aarch64-apple-darwin      0x00000001020e9ab4 _RNvCs780SGt2vQib_9hopp_core4main + 9076
	20  hopp_core-aarch64-apple-darwin      0x000000010016c5ec _RINvNtNtCs1SSuMAdGM58_3std3sys9backtrace28___rust_begin_short_backtraceFEINtNtCsjIpoRzUjyHQ_4core6result6ResultuNtCs5ekGpolm0QZ_9hopp_core15RenderLoopErrorEB19_ECs780SGt2vQib_9hopp_core + 16
	21  hopp_core-aarch64-apple-darwin      0x000000010016ee20 main + 860
	22  dyld                                0x000000018d0ceb98 start + 6076
)
[2026-10-08T19:13:38Z INFO  hopp_core::window::vibrancy] apply_macos_vibrancy: vibrancy applied successfully
[2026-10-08T19:13:38Z WARN  hopp_core::livekit::video] process_video_stream: skipped 1 stale frames for room:dev_room:profile-viewer:audio [camera]
[2026-10-08T19:13:39Z WARN  hopp_core::livekit::video] process_video_stream: skipped 1 stale frames for room:dev_room:profile-viewer:audio [camera]
[2026-10-08T19:13:41Z WARN  hopp_core::livekit::video] process_video_stream: skipped 5 stale frames for room:dev_room:profile-viewer:audio [camera]
[2026-10-08T19:13:41Z WARN  hopp_core::livekit::video] process_video_stream: skipped 3 stale frames for room:dev_room:profile-viewer:audio [camera]
[2026-10-08T19:13:41Z WARN  hopp_core::livekit::video] process_video_stream: skipped 5 stale frames for room:dev_room:profile-viewer:audio [camera]
[2026-10-08T19:13:41Z WARN  hopp_core::livekit::video] process_video_stream: skipped 1 stale frames for room:dev_room:profile-viewer:audio [camera]
[2026-10-08T19:13:41Z INFO  hopp_core::room_service] Connection quality changed: Excellent
[2026-10-08T19:13:44Z INFO  hopp_core] screenshare: resolution: Extent { width: 4096.0, height: 2160.0 } content: Display 2
[2026-10-08T19:13:44Z INFO  hopp_core] stop_screenshare
[2026-10-08T19:13:44Z INFO  hopp_core::capture::capturer] stop_capture
[2026-10-08T19:13:44Z WARN  hopp_core::capture::capturer] stop_capture: no active stream
[2026-10-08T19:13:44Z INFO  hopp_core::room_service] mute_screen_share_track
[2026-10-08T19:13:44Z INFO  hopp_core::room_service] set_screen_capture_size: None
[2026-10-08T19:13:44Z INFO  hopp_core] destroy_overlay_window
[2026-10-08T19:13:44Z INFO  hopp_core::camera::capturer] CameraCapturer::set_screensharing_active: active=false, target=1280x720@30fps
[2026-10-08T19:13:44Z INFO  hopp_core] set_screensharing_active: false
[2026-10-08T19:13:44Z INFO  hopp_core] close_drawing_window
[2026-10-08T19:13:44Z INFO  hopp_core::room_service] room_service_commands: Screen share track muted
[2026-10-08T19:13:44Z INFO  hopp_core] close_screensharing_window
[2026-10-08T19:13:44Z INFO  hopp_core::room_service] get_buffer_source
[2026-10-08T19:13:44Z INFO  hopp_core::capture::capturer] start_capture: content Content { content_type: Display, id: 2 } resolution: Extent { width: 4096.0, height: 2160.0 } scale: 1
[2026-10-08T19:13:44Z INFO  hopp_core::capture::capturer::stream] macos_stream::start_capture: Starting capture for Display 2
[2026-10-08T19:13:44Z INFO  hopp_core::app_veil] App Veil geometry poller idle: no protected application processes are running
[2026-10-08T19:13:45Z INFO  hopp_core::capture::capturer::stream] start_capture: configured output 3440x1440, crop_window: false
[2026-10-08T19:13:45Z INFO  hopp_core::capture::capturer] get_stream_extent: got extent in try 0
[2026-10-08T19:13:45Z INFO  hopp_core::room_service] unmute_screen_share_track
[2026-10-08T19:13:45Z INFO  hopp_core] screenshare: screen share track unmuted
[2026-10-08T19:13:45Z INFO  hopp_core::room_service] set_screen_capture_size: Some((3440, 1440))
[2026-10-08T19:13:45Z INFO  hopp_core] create_overlay_window: selected_monitor: MonitorHandle { inner: MonitorHandle { name: Some("Monitor #13314"), native_identifier: 2, size: PhysicalSize { width: 3440, height: 1440 }, position: PhysicalPosition { x: 0, y: 0 }, scale_factor: 1.0, refresh_rate_millihertz: Some(144000), .. } } true
[2026-10-08T19:13:45Z INFO  hopp_core::window_manager] WindowManager::show_window: looking for window with id Numeric(2)
[2026-10-08T19:13:45Z INFO  hopp_core::window_manager] set_fullscreen: MonitorHandle { inner: MonitorHandle { name: Some("Monitor #13314"), native_identifier: 2, size: PhysicalSize { width: 3440, height: 1440 }, position: PhysicalPosition { x: 0, y: 0 }, scale_factor: 1.0, refresh_rate_millihertz: Some(144000), .. } }
[2026-10-08T19:13:45Z INFO  hopp_core::room_service] room_service_commands: Screen share track unmuted
[2026-10-08T19:13:45Z INFO  hopp_core::room_service] apply_screen_share_encoding: low=false capture=3440x1440 encoding=ScreenEncoding { max_bitrate: 12000000, max_framerate: 40.0, scale_down_by: 1.0 }
[2026-10-08T19:13:45Z INFO  hopp_core::window_manager] set_fullscreen: window reached fullscreen size PhysicalSize { width: 3440, height: 1440 }
[2026-10-08T19:13:45Z INFO  hopp_core::graphics::graphics_context::participant] ParticipantsManager::add_participant: identity=local color=#7CCF00 auto_clear=true
[2026-10-08T19:13:45Z INFO  hopp_core::room_service] handle_room_event: skip same user's unmuted event, type Screenshare
SVG size: 267x300
SVG size: 259x296
SVG size: 267x300
[2026-10-08T19:13:45Z INFO  hopp_core] create_overlay_window: overlay_window created extent: width: 3440, height: 1440, display_extent: width: 3440, height: 1440, position: PhysicalPosition { x: 0, y: 0 }, display_position: PhysicalPosition { x: 0, y: 0 }, display_scale: 1
[2026-10-08T19:13:45Z INFO  hopp_core::input::mouse] set_controllers_enabled: true
[2026-10-08T19:13:45Z INFO  hopp_core::input::keyboard] set_enabled: true
[2026-10-08T19:13:45Z INFO  hopp_core::graphics::graphics_context::participant] ParticipantsManager::add_participant: identity=room:dev_room:profile-viewer:audio color=#615FFF auto_clear=false
SVG size: 351x300
SVG size: 343x296
SVG size: 351x300
[2026-10-08T19:13:45Z INFO  hopp_core::input::mouse] add_controller: identity: room:dev_room:profile-viewer:audio controllers_cursors: 0
[2026-10-08T19:13:45Z INFO  hopp_core::camera::capturer] CameraCapturer::set_screensharing_active: active=true, target=640x360@15fps
[2026-10-08T19:13:45Z INFO  hopp_core] set_screensharing_active: true
[2026-10-08T19:13:45Z INFO  hopp_core] participants snapshot after screenshare succeeds
[2026-10-08T19:13:45Z INFO  hopp_core] window_event: active window resized to PhysicalSize { width: 3440, height: 1440 }
[2026-10-08T19:13:49Z INFO  hopp_core::input::mouse] set_controller_mode: room:dev_room:profile-viewer:audio Pencil
[2026-10-08T19:13:49Z INFO  hopp_core::graphics::graphics_context::participant::draw] start_path: starting new path with id 0
[2026-10-08T19:13:53Z INFO  hopp_core::graphics::graphics_context::participant::draw] finish_path: finishing path 0
[2026-10-08T19:13:53Z INFO  hopp_core::input::mouse] set_controller_mode: room:dev_room:profile-viewer:audio Normal
[2026-10-08T19:13:57Z INFO  hopp_core::input::mouse] set_controller_mode: room:dev_room:profile-viewer:audio Pencil
[2026-10-08T19:13:57Z INFO  hopp_core::graphics::graphics_context::participant::draw] start_path: starting new path with id 1
[2026-10-08T19:14:01Z INFO  hopp_core::graphics::graphics_context::participant::draw] finish_path: finishing path 1
[2026-10-08T19:14:01Z INFO  hopp_core::input::mouse] set_controller_mode: room:dev_room:profile-viewer:audio Normal
[2026-10-08T19:14:05Z INFO  hopp_core::input::mouse] set_controller_mode: room:dev_room:profile-viewer:audio Pencil
[2026-10-08T19:14:05Z INFO  hopp_core::graphics::graphics_context::participant::draw] start_path: starting new path with id 2
[2026-10-08T19:14:09Z INFO  hopp_core::graphics::graphics_context::participant::draw] finish_path: finishing path 2
[2026-10-08T19:14:09Z INFO  hopp_core::input::mouse] set_controller_mode: room:dev_room:profile-viewer:audio Normal
[2026-10-08T19:14:13Z INFO  hopp_core::input::mouse] set_controller_mode: room:dev_room:profile-viewer:audio Pencil
[2026-10-08T19:14:13Z INFO  hopp_core::graphics::graphics_context::participant::draw] start_path: starting new path with id 3
[2026-10-08T19:14:17Z INFO  hopp_core::graphics::graphics_context::participant::draw] finish_path: finishing path 3
[2026-10-08T19:14:17Z INFO  hopp_core::input::mouse] set_controller_mode: room:dev_room:profile-viewer:audio Normal
[2026-10-08T19:14:21Z INFO  hopp_core::input::mouse] set_controller_mode: room:dev_room:profile-viewer:audio Pencil
[2026-10-08T19:14:21Z INFO  hopp_core::graphics::graphics_context::participant::draw] start_path: starting new path with id 4
[2026-10-08T19:14:25Z INFO  hopp_core::graphics::graphics_context::participant::draw] finish_path: finishing path 4
[2026-10-08T19:14:25Z WARN  hopp_core::graphics::graphics_context::participant::draw] add_point: no current path in progress, skipping point
[2026-10-08T19:14:25Z INFO  hopp_core::input::mouse] set_controller_mode: room:dev_room:profile-viewer:audio Normal
[2026-10-08T19:14:29Z INFO  hopp_core::input::mouse] set_controller_mode: room:dev_room:profile-viewer:audio Pencil
[2026-10-08T19:14:29Z INFO  hopp_core::graphics::graphics_context::participant::draw] start_path: starting new path with id 5
[2026-10-08T19:14:33Z INFO  hopp_core::graphics::graphics_context::participant::draw] finish_path: finishing path 5
[2026-10-08T19:14:33Z INFO  hopp_core::input::mouse] set_controller_mode: room:dev_room:profile-viewer:audio Normal
[2026-10-08T19:14:37Z INFO  hopp_core::input::mouse] set_controller_mode: room:dev_room:profile-viewer:audio Pencil
[2026-10-08T19:14:37Z INFO  hopp_core::graphics::graphics_context::participant::draw] start_path: starting new path with id 6
[2026-10-08T19:14:41Z INFO  hopp_core::graphics::graphics_context::participant::draw] finish_path: finishing path 6
[2026-10-08T19:14:41Z INFO  hopp_core::input::mouse] set_controller_mode: room:dev_room:profile-viewer:audio Normal
[2026-10-08T19:14:45Z INFO  hopp_core::input::mouse] set_controller_mode: room:dev_room:profile-viewer:audio Pencil
[2026-10-08T19:14:45Z INFO  hopp_core::graphics::graphics_context::participant::draw] start_path: starting new path with id 7
[2026-10-08T19:14:47Z INFO  hopp_core] stop_screenshare
[2026-10-08T19:14:47Z INFO  hopp_core::capture::capturer] stop_capture
[2026-10-08T19:14:47Z INFO  hopp_core::room_service] mute_screen_share_track
[2026-10-08T19:14:47Z INFO  hopp_core::room_service] set_screen_capture_size: None
[2026-10-08T19:14:47Z INFO  hopp_core] destroy_overlay_window
[2026-10-08T19:14:47Z INFO  hopp_core::window_manager] WindowManager::hide_active_window: hiding window for monitor Numeric(2)
[2026-10-08T19:14:47Z INFO  hopp_core::room_service] room_service_commands: Screen share track muted
[2026-10-08T19:14:47Z INFO  hopp_core::room_service] handle_room_events: Track unsubscribed from room:dev_room:profile-viewer:audio: camera (Video)
[2026-10-08T19:14:47Z INFO  hopp_core::room_service] handle_room_events: Camera track unsubscribed from room:dev_room:profile-viewer:audio
[2026-10-08T19:14:47Z INFO  hopp_core::room_service] handle_room_events: Track unpublished from room:dev_room:profile-viewer:audio: camera (Video)
[2026-10-08T19:14:47Z INFO  hopp_core::room_service] camera quality: active=0, low_bandwidth=false, quality=High, updated_publications=0
[2026-10-08T19:14:47Z INFO  hopp_core::livekit::video] process_video_stream: Received stop signal for camera stream: room:dev_room:profile-viewer:audio
[2026-10-08T19:14:47Z INFO  hopp_core::livekit::video] process_video_stream: camera stream ended for participant: room:dev_room:profile-viewer:audio, frames=2022 stale_skipped=16
[2026-10-08T19:14:47Z INFO  hopp_core::room_service] handle_room_events: Track unsubscribed from room:dev_room:profile-viewer:audio: microphone (Audio)
[2026-10-08T19:14:47Z INFO  hopp_core::room_service] handle_room_events: Stopping audio stream for participant: room:dev_room:profile-viewer:audio
[2026-10-08T19:14:47Z INFO  hopp_core::livekit::audio] AudioTrackHandle dropped
[2026-10-08T19:14:47Z INFO  hopp_core::room_service] handle_room_events: Track unpublished from room:dev_room:profile-viewer:audio: microphone (Audio)
[2026-10-08T19:14:47Z INFO  hopp_core::room_service] handle_room_events: Participant disconnected: room:dev_room:profile-viewer:audio
[2026-10-08T19:14:47Z INFO  hopp_core::room_service] camera quality: active=0, low_bandwidth=false, quality=High, updated_publications=0
[2026-10-08T19:14:47Z INFO  hopp_core::room_service] handle_room_event: skip same user's muted event, type Screenshare
[2026-10-08T19:14:47Z INFO  hopp_core::camera::capturer] CameraCapturer::set_screensharing_active: active=false, target=1280x720@30fps
[2026-10-08T19:14:47Z INFO  hopp_core] set_screensharing_active: false
[2026-10-08T19:14:47Z INFO  hopp_core] close_drawing_window
[2026-10-08T19:14:47Z INFO  hopp_core] user_event: CloseCameraWindow
[2026-10-08T19:14:47Z INFO  hopp_core] close_camera_window
[2026-10-08T19:14:47Z INFO  hopp_core] user_event: CloseCameraWindow
[2026-10-08T19:14:47Z INFO  hopp_core] close_camera_window
[2026-10-08T19:14:47Z WARN  hopp_core] window_event: remote control is none redraw requested
[2026-10-08T19:14:47Z WARN  hopp_core] window_event: remote control is none redraw requested
[2026-10-08T19:14:47Z INFO  hopp_core] user_event: CallEnd requested=Some(1791486816758) current=Some(1791486816758)
[2026-10-08T19:14:47Z INFO  hopp_core] stop_mic
[2026-10-08T19:14:47Z INFO  hopp_core::room_service] unpublish_audio_track
[2026-10-08T19:14:47Z INFO  hopp_core::audio::player] Player::stop
[2026-10-08T19:14:47Z INFO  hopp_core] stop_camera
[2026-10-08T19:14:47Z INFO  hopp_core::room_service] mute_camera_track
[2026-10-08T19:14:47Z INFO  hopp_core::livekit::audio] AudioPublisher: audio track unpublished
[2026-10-08T19:14:47Z INFO  hopp_core::room_service] room_service_commands: Audio track unpublished
[2026-10-08T19:14:47Z INFO  hopp_core::room_service] camera quality: active=0, low_bandwidth=false, quality=High, updated_publications=0
[2026-10-08T19:14:47Z INFO  hopp_core::room_service] room_service_commands: Camera track muted
[2026-10-08T19:14:47Z INFO  hopp_core] stop_screenshare
[2026-10-08T19:14:47Z INFO  hopp_core::capture::capturer] stop_capture
[2026-10-08T19:14:47Z WARN  hopp_core::capture::capturer] stop_capture: no active stream
[2026-10-08T19:14:47Z INFO  hopp_core::room_service] mute_screen_share_track
[2026-10-08T19:14:47Z INFO  hopp_core::room_service] set_screen_capture_size: None
[2026-10-08T19:14:47Z INFO  hopp_core] destroy_overlay_window
[2026-10-08T19:14:47Z INFO  hopp_core::camera::capturer] CameraCapturer::set_screensharing_active: active=false, target=1280x720@30fps
[2026-10-08T19:14:47Z INFO  hopp_core] set_screensharing_active: false
[2026-10-08T19:14:47Z INFO  hopp_core] close_drawing_window
[2026-10-08T19:14:47Z INFO  hopp_core::room_service] destroy_room
[2026-10-08T19:14:47Z INFO  hopp_core::livekit::stats] VideoHealthSummary Call: duration_s=69 alerts={} codecs={"H264"} implementations={"VideoToolbox"}
[2026-10-08T19:14:47Z INFO  hopp_core::livekit::stats] VideoHealthSummary Outbound: source=2522 encoded=2522 quality_limited_s=0.0 reasons={} max_stall_s=0
[2026-10-08T19:14:47Z INFO  hopp_core] close_camera_window
[2026-10-08T19:14:47Z INFO  hopp_core::room_service] room_service_commands: Screen share track muted
[2026-10-08T19:14:47Z INFO  hopp_core] close_screensharing_window
[2026-10-08T19:14:47Z INFO  hopp_core] close_drawing_window
[2026-10-08T19:14:47Z WARN  hopp_core] window_event: remote control is none redraw requested
[2026-10-08T19:14:47Z ERROR hopp_core] RenderEventLoop::run Socket event channel closed, terminating.
[2026-10-08T19:14:47Z INFO  hopp_core] user_event: Client disconnected, terminating.
[2026-10-08T19:14:47Z INFO  hopp_core::capture::capturer] stop_capture
[2026-10-08T19:14:47Z WARN  hopp_core::capture::capturer] stop_capture: no active stream
[2026-10-08T19:14:47Z INFO  hopp_core::capture::capturer] poll_stream: stop message

thread 'tokio-rt-worker' (2516640) panicked at /Users/martinmariano/.cargo/git/checkouts/rust-sdks-188db78d39b57006/2ce5cf0/livekit-runtime/src/tokio.rs:53:46:
Tasks should not panic: JoinError::Cancelled(Id(97))
note: run with `RUST_BACKTRACE=1` environment variable to display a backtrace
[2026-10-08T19:14:47Z ERROR hopp_core::graphics::graphics_context] redraw_thread: error sending redraw event: EventLoopClosed(RequestRedraw)
